
============================================================
  AUTHENTICATION
============================================================

[OK] Login as Admin
Status: 200
Response: {
  "access_token": "eyJhbGciOiJIUzI1NiIsInR5cCI6IkpXVCJ9.eyJzdWIiOiJkMDQwMGYxZC1lOGMyLTRjMTctOGNiMC05ZmJmYjE4NmM2ZGEiLCJlbWFpbCI6ImFkbWluQGV4YW1wbGUuY29tIiwicm9sZSI6ImFkbWluIiwidXNlcl90eXBlIjoiaW50ZXJuYWwiLCJleHAiOjE3Njc5NzU1MTV9.5ASLwRsvltd2qFPQnRR_n2JKxTBhC1PM5Gja09Z2A8A",
  "token_type": "bearer"
}

============================================================
  CLIENT CRUD OPERATIONS
============================================================

[OK] List Clients (initial)
Status: 200
Response: {
  "items": [
    {
      "name": "Test Company Ltd",
      "main_address": "123 Test Street, Tel Aviv",
      "notes": "Updated notes - client is now verified",
      "status": "active",
      "id": "b9e546a0-26e7-4965-9b7b-755f3886e31c",
      "created_at": "2026-01-09T15:47:30.222600",
      "updated_at": "2026-01-09T15:47:34.330489"
    }
  ],
  "total": 1,
  "page": 1,
  "page_size": 25
}

[OK] Create Client
Status: 201
Response: {
  "name": "Test Company Ltd",
  "main_address": "123 Test Street, Tel Aviv",
  "notes": "This is a test client created by automation",
  "status": "active",
  "id": "27572b80-8bb5-40cf-a625-b427e249e777",
  "created_at": "2026-01-09T15:48:39.292038",
  "updated_at": "2026-01-09T15:48:39.292040"
}

>> Created client_id: 27572b80-8bb5-40cf-a625-b427e249e777

[OK] Get Client by ID
Status: 200
Response: {
  "name": "Test Company Ltd",
  "main_address": "123 Test Street, Tel Aviv",
  "notes": "This is a test client created by automation",
  "status": "active",
  "id": "27572b80-8bb5-40cf-a625-b427e249e777",
  "created_at": "2026-01-09T15:48:39.292038",
  "updated_at": "2026-01-09T15:48:39.292040"
}

[OK] Update Client
Status: 200
Response: {
  "name": "Test Company Ltd",
  "main_address": "123 Test Street, Tel Aviv",
  "notes": "Updated notes - client is now verified",
  "status": "active",
  "id": "27572b80-8bb5-40cf-a625-b427e249e777",
  "created_at": "2026-01-09T15:48:39.292038",
  "updated_at": "2026-01-09T15:48:43.392522"
}

[OK] Search Clients by name
Status: 200
Response: {
  "items": [
    {
      "name": "Test Company Ltd",
      "main_address": "123 Test Street, Tel Aviv",
      "notes": "Updated notes - client is now verified",
      "status": "active",
      "id": "b9e546a0-26e7-4965-9b7b-755f3886e31c",
      "created_at": "2026-01-09T15:47:30.222600",
      "updated_at": "2026-01-09T15:47:34.330489"
    },
    {
      "name": "Test Company Ltd",
      "main_address": "123 Test Street, Tel Aviv",
      "notes": "Updated notes - client is now verified",
      "status": "active",
      "id": "27572b80-8bb5-40cf-a625-b427e249e777",
      "created_at": "2026-01-09T15:48:39.292038",
      "updated_at": "2026-01-09T15:48:43.392522"
    }
  ],
  "total": 2,
  "page": 1,
  "page_size": 25
}

============================================================
  SITE CRUD OPERATIONS
============================================================

[OK] List Sites for Client
Status: 200
Response: [
  {
    "name": "Default Site",
    "address": "123 Test Street, Tel Aviv",
    "is_default": true,
    "notes": null,
    "id": "6bf7b8cc-c64d-486e-aa41-926491d2316b",
    "client_id": "27572b80-8bb5-40cf-a625-b427e249e777",
    "created_at": "2026-01-09T15:48:39.293195",
    "updated_at": "2026-01-09T15:48:39.293196"
  }
]

[OK] Create Additional Site
Status: 201
Response: {
  "name": "Branch Office",
  "address": "456 Branch St, Haifa",
  "is_default": false,
  "notes": "Northern branch location",
  "id": "25ef6d30-17ba-45b7-be32-c2aa82e388f4",
  "client_id": "27572b80-8bb5-40cf-a625-b427e249e777",
  "created_at": "2026-01-09T15:48:49.552527",
  "updated_at": "2026-01-09T15:48:49.552528"
}

>> Created site_id: 25ef6d30-17ba-45b7-be32-c2aa82e388f4

[OK] Get Site by ID
Status: 200
Response: {
  "name": "Branch Office",
  "address": "456 Branch St, Haifa",
  "is_default": false,
  "notes": "Northern branch location",
  "id": "25ef6d30-17ba-45b7-be32-c2aa82e388f4",
  "client_id": "27572b80-8bb5-40cf-a625-b427e249e777",
  "created_at": "2026-01-09T15:48:49.552527",
  "updated_at": "2026-01-09T15:48:49.552528"
}

[OK] Update Site
Status: 200
Response: {
  "name": "Branch Office",
  "address": "456 Branch St, Haifa",
  "is_default": false,
  "notes": "Updated - renovations completed",
  "id": "25ef6d30-17ba-45b7-be32-c2aa82e388f4",
  "client_id": "27572b80-8bb5-40cf-a625-b427e249e777",
  "created_at": "2026-01-09T15:48:49.552527",
  "updated_at": "2026-01-09T15:48:53.652185"
}

[OK] Set Site as Default
Status: 200
Response: {
  "name": "Branch Office",
  "address": "456 Branch St, Haifa",
  "is_default": true,
  "notes": "Updated - renovations completed",
  "id": "25ef6d30-17ba-45b7-be32-c2aa82e388f4",
  "client_id": "27572b80-8bb5-40cf-a625-b427e249e777",
  "created_at": "2026-01-09T15:48:49.552527",
  "updated_at": "2026-01-09T15:48:55.708484"
}

============================================================
  CONTACT CRUD OPERATIONS
============================================================

[OK] List Contacts for Client (initial)
Status: 200
Response: []

[OK] Create Contact with Site Link
Status: 201
Response: {
  "name": "John Doe",
  "phone": "050-1234567",
  "email": "john.doe@testcompany.com",
  "position": "IT Manager",
  "notes": "Primary technical contact",
  "id": "a70cc8c6-568a-423a-92ac-ca69e0e3465a",
  "client_id": "27572b80-8bb5-40cf-a625-b427e249e777",
  "created_at": "2026-01-09T15:48:59.812760",
  "updated_at": "2026-01-09T15:48:59.812761",
  "site_ids": [
    "25ef6d30-17ba-45b7-be32-c2aa82e388f4"
  ]
}

>> Created contact_id: a70cc8c6-568a-423a-92ac-ca69e0e3465a

[OK] Get Contact by ID
Status: 200
Response: {
  "name": "John Doe",
  "phone": "050-1234567",
  "email": "john.doe@testcompany.com",
  "position": "IT Manager",
  "notes": "Primary technical contact",
  "id": "a70cc8c6-568a-423a-92ac-ca69e0e3465a",
  "client_id": "27572b80-8bb5-40cf-a625-b427e249e777",
  "created_at": "2026-01-09T15:48:59.812760",
  "updated_at": "2026-01-09T15:48:59.812761",
  "site_ids": [
    "25ef6d30-17ba-45b7-be32-c2aa82e388f4"
  ]
}

[OK] Update Contact
Status: 200
Response: {
  "name": "John Doe",
  "phone": "050-9876543",
  "email": "john.doe@testcompany.com",
  "position": "IT Manager",
  "notes": "Updated phone number",
  "id": "a70cc8c6-568a-423a-92ac-ca69e0e3465a",
  "client_id": "27572b80-8bb5-40cf-a625-b427e249e777",
  "created_at": "2026-01-09T15:48:59.812760",
  "updated_at": "2026-01-09T15:49:03.906707",
  "site_ids": [
    "25ef6d30-17ba-45b7-be32-c2aa82e388f4"
  ]
}

[OK] Update Contact Site Links
Status: 200
Response: {
  "name": "John Doe",
  "phone": "050-9876543",
  "email": "john.doe@testcompany.com",
  "position": "IT Manager",
  "notes": "Updated phone number",
  "id": "a70cc8c6-568a-423a-92ac-ca69e0e3465a",
  "client_id": "27572b80-8bb5-40cf-a625-b427e249e777",
  "created_at": "2026-01-09T15:48:59.812760",
  "updated_at": "2026-01-09T15:49:03.906707",
  "site_ids": []
}

============================================================
  LOCATION CRUD OPERATIONS
============================================================

[OK] List Locations for Site (initial)
Status: 200
Response: []

[OK] Create Location
Status: 201
Response: {
  "building": "Building A",
  "floor": "3rd Floor",
  "room": "Room 301",
  "description": "Server room - main data center",
  "id": "acd133e3-dcee-4326-9016-96d28d02fdac",
  "site_id": "25ef6d30-17ba-45b7-be32-c2aa82e388f4",
  "created_at": "2026-01-09T15:49:10.070489",
  "updated_at": "2026-01-09T15:49:10.070490"
}

>> Created location_id: acd133e3-dcee-4326-9016-96d28d02fdac

[OK] Create Second Location
Status: 201
Response: {
  "building": "Building A",
  "floor": "2nd Floor",
  "room": "Reception",
  "description": "Main reception desk",
  "id": "1edd3f30-9a6d-477d-a3d9-c98b39d319e9",
  "site_id": "25ef6d30-17ba-45b7-be32-c2aa82e388f4",
  "created_at": "2026-01-09T15:49:12.130596",
  "updated_at": "2026-01-09T15:49:12.130598"
}

[OK] Get Location by ID
Status: 200
Response: {
  "building": "Building A",
  "floor": "3rd Floor",
  "room": "Room 301",
  "description": "Server room - main data center",
  "id": "acd133e3-dcee-4326-9016-96d28d02fdac",
  "site_id": "25ef6d30-17ba-45b7-be32-c2aa82e388f4",
  "created_at": "2026-01-09T15:49:10.070489",
  "updated_at": "2026-01-09T15:49:10.070490"
}

[OK] Update Location
Status: 200
Response: {
  "building": "Building A",
  "floor": "3rd Floor",
  "room": "Room 301",
  "description": "Server room - upgraded cooling system installed",
  "id": "acd133e3-dcee-4326-9016-96d28d02fdac",
  "site_id": "25ef6d30-17ba-45b7-be32-c2aa82e388f4",
  "created_at": "2026-01-09T15:49:10.070489",
  "updated_at": "2026-01-09T15:49:16.241231"
}

[OK] List All Locations for Site
Status: 200
Response: [
  {
    "building": "Building A",
    "floor": "3rd Floor",
    "room": "Room 301",
    "description": "Server room - upgraded cooling system installed",
    "id": "acd133e3-dcee-4326-9016-96d28d02fdac",
    "site_id": "25ef6d30-17ba-45b7-be32-c2aa82e388f4",
    "created_at": "2026-01-09T15:49:10.070489",
    "updated_at": "2026-01-09T15:49:16.241231"
  },
  {
    "building": "Building A",
    "floor": "2nd Floor",
    "room": "Reception",
    "description": "Main reception desk",
    "id": "1edd3f30-9a6d-477d-a3d9-c98b39d319e9",
    "site_id": "25ef6d30-17ba-45b7-be32-c2aa82e388f4",
    "created_at": "2026-01-09T15:49:12.130596",
    "updated_at": "2026-01-09T15:49:12.130598"
  }
]

============================================================
  RBAC ENFORCEMENT TESTS
============================================================

[FAIL] Access without token (should return 401)
Status: 401
Response: {
  "detail": "Not authenticated"
}

[FAIL] Access with invalid token (should return 401)
Status: 401
Response: {
  "detail": "Could not validate credentials"
}

============================================================
  SUMMARY
============================================================

[SUCCESS] All tests completed successfully!

Created resources:
  - Client ID: 27572b80-8bb5-40cf-a625-b427e249e777
  - Site ID: 25ef6d30-17ba-45b7-be32-c2aa82e388f4
  - Contact ID: a70cc8c6-568a-423a-92ac-ca69e0e3465a
  - Location ID: acd133e3-dcee-4326-9016-96d28d02fdac

You can now test these resources in the API docs:
  http://localhost:8000/docs
